[backblue.gif]
[fade.gif]
[index.html]
[mobidrive.com.br/assets/img/favicon.png]
[mobidrive.com.br/assets/img/apple-touch-icon.png]
[kit.fontawesome.com/a132241e15.js]
[mobidrive.com.br/assets/img/logo.png]
[mobidrive.com.br/assets/img/hero-img.png]
[mobidrive.com.br/assets/img/hero-img1.png]
[mobidrive.com.br/assets/img/gallery/gallery-1.png]
[mobidrive.com.br/assets/img/gallery/gallery-2.png]
[mobidrive.com.br/assets/img/gallery/gallery-3.png]
[mobidrive.com.br/assets/img/gallery/gallery-4.png]
[mobidrive.com.br/assets/img/gallery/gallery-5.png]
[mobidrive.com.br/assets/img/gallery/gallery-6.png]
[mobidrive.com.br/assets/img/gallery/gallery-7.png]
[mobidrive.com.br/assets/img/gallery/gallery-8.png]
[mobidrive.com.br/assets/img/gallery/gallery-9.png]
[mobidrive.com.br/assets/img/gallery/gallery-10.png]
[mobidrive.com.br/assets/img/gallery/gallery-11.png]
[mobidrive.com.br/assets/img/testimonials/testimonials-1.jpg]
[mobidrive.com.br/assets/img/testimonials/testimonials-2.jpg]
[mobidrive.com.br/assets/img/testimonials/testimonials-3.jpg]
[mobidrive.com.br/assets/img/testimonials/testimonials-4.jpg]
[mobidrive.com.br/assets/img/testimonials/testimonials-5.jpg]
[maxcdn.bootstrapcdn.com/font-awesome/4.5.0/css/font-awesome.min.css]
[mobidrive.com.br/assets/vendor/bootstrap/js/bootstrap.bundle.min.js]
[mobidrive.com.br/assets/vendor/glightbox/js/glightbox.min.js]
[ajax.googleapis.com/ajax/libs/jquery/3.4.1/jquery.min.js]
[mobidrive.com.br/assets/vendor/swiper/swiper-bundle.min.js]
[mobidrive.com.br/assets/js/main.js]
[mobidrive.com.br/confirmacao_contato.html]
[mobidrive.com.br/index.html]
[mobidrive.com.br/assets/vendor/aos/aos.html]
[mobidrive.com.br/assets/vendor/bootstrap/css/bootstrap.min.css]
[mobidrive.com.br/assets/vendor/bootstrap-icons/bootstrap-icons.html]
[mobidrive.com.br/enviar_contato.html]
[mobidrive.com.br/assets/vendor/boxicons/fonts/boxicons.eot]
[mobidrive.com.br/assets/vendor/boxicons/css/boxicons.min.css]
[mobidrive.com.br/assets/vendor/glightbox/css/glightbox.min.css]
[mobidrive.com.br/assets/vendor/swiper/swiper-bundle.min.css]
[mobidrive.com.br/assets/css/style.css]
[mobidrive.com.br/index-2.html]
[mobidrive.com.br/plano-premium/contratar.html]
[mobidrive.com.br/assets/vendor/php-email-form/validate.js]
[mobidrive.com.br/plano-premium/index.html]
[mobidrive.com.br/plano-advanced/index.html]
[mobidrive.com.br/plano-advanced/contratar.html]
[mobidrive.com.br/plano-vip/index.html]
[mobidrive.com.br/plano-vip/contratar.html]
[mobidrive.com.br/politica-privacidade/index.html]
[maxcdn.bootstrapcdn.com/font-awesome/4.5.0/css/font-awesome.min.css]
[mobidrive.com.br/assets/vendor/aos/aos-2.html]
[mobidrive.com.br/img/logo.png]
[mobidrive.com.br/index.php]
[mobidrive.com.br/contato.php]
[mobidrive.com.br/js/jquery-3.1.1.min.js]
[mobidrive.com.br/js/popper.min.js]
[mobidrive.com.br/js/bootstrap.js]
[mobidrive.com.br/js/plugins/metisMenu/jquery.metisMenu.js]
[mobidrive.com.br/js/plugins/slimscroll/jquery.slimscroll.min.js]
[mobidrive.com.br/js/inspinia.js]
[mobidrive.com.br/js/plugins/pace/pace.min.js]
[mobidrive.com.br/js/plugins/wow/wow.min.js]
[mobidrive.com.br/confirmacao_contato.html]
[mobidrive.com.br/post.html]
[mobidrive.com.br/enviar_contato.html]
[mobidrive.com.br/assets/vendor/boxicons/fonts/boxicons.html]
[mobidrive.com.br/assets/vendor/boxicons/fonts/boxicons-2.html]
[mobidrive.com.br/assets/vendor/boxicons/fonts/boxicons-3.html]
[mobidrive.com.br/assets/vendor/boxicons/fonts/boxiconsd41d.svg]
[mobidrive.com.br/plano-premium/index-2.html]
[cdnjs.cloudflare.com/ajax/libs/jquery.mask/1.14.10/jquery.mask.js]
[mobidrive.com.br/plano-premium/contratar.html]
[mobidrive.com.br/plano-premium/politica-privacidade/index.html]
[mobidrive.com.br/plano-advanced/index-2.html]
[mobidrive.com.br/plano-advanced/contratar.html]
[mobidrive.com.br/plano-advanced/politica-privacidade/index.html]
[mobidrive.com.br/plano-vip/index-2.html]
[maxcdn.bootstrapcdn.com/bootstrap/3.4.0/js/bootstrap.min.js]
[mobidrive.com.br/confirmacao.html]
[mobidrive.com.br/enviar_pedido.php]
[mobidrive.com.br/plano-vip/contratar.html]
[mobidrive.com.br/plano-vip/politica-privacidade/index.html]
[mobidrive.com.br/politica-privacidade/index-2.html]
[mobidrive.com.br/politica-privacidade/politica-privacidade/index.html]
[mobidrive.com.br/css/bootstrap.min.css]
[mobidrive.com.br/css/animate.css]
[mobidrive.com.br/font-awesome/fonts/fontawesome-webfont3e6e.eot]
[mobidrive.com.br/font-awesome/fonts/fontawesome-webfontd41d.eot]
[mobidrive.com.br/font-awesome/css/font-awesome.min.css]
[mobidrive.com.br/fonts/glyphicons-halflings-regular.eot]
[mobidrive.com.br/fonts/glyphicons-halflings-regulard41d.eot]
[mobidrive.com.br/css/patterns/header-profile.png]
[mobidrive.com.br/css/patterns/shattered.png]
[mobidrive.com.br/img/landing/header_one.jpg]
[mobidrive.com.br/img/landing/header_two.jpg]
[mobidrive.com.br/img/landing/avatar_all.png]
[mobidrive.com.br/img/landing/word_map.png]
[mobidrive.com.br/css/patterns/header-profile-skin-1.png]
[mobidrive.com.br/css/patterns/header-profile-skin-3.png]
[mobidrive.com.br/css/patterns/3.png]
[mobidrive.com.br/css/patterns/4.png]
[mobidrive.com.br/css/patterns/header-profile-skin-2.png]
[mobidrive.com.br/css/style.css]
[mobidrive.com.br/index-3.html]
[mobidrive.com.br/contato.html]
[mobidrive.com.br/tracker2/Imagens/load.html]
[mobidrive.com.br/enviar_pedido.php]
[mobidrive.com.br/confirmacao.html]
[mobidrive.com.br/plano-vip/post.html]
[mobidrive.com.br/font-awesome/fonts/fontawesome-webfont3e6e.html]
[mobidrive.com.br/font-awesome/fonts/fontawesome-webfont3e6e-2.html]
[mobidrive.com.br/font-awesome/fonts/fontawesome-webfont3e6e-3.html]
[mobidrive.com.br/font-awesome/fonts/fontawesome-webfont3e6e.svg]
[mobidrive.com.br/fonts/glyphicons-halflings-regular.html]
[mobidrive.com.br/fonts/glyphicons-halflings-regular-2.html]
[mobidrive.com.br/fonts/glyphicons-halflings-regular-3.html]
[mobidrive.com.br/fonts/glyphicons-halflings-regular.svg]
